// Jest Snapshot v1, https://goo.gl/fbAQLP

exports[`Text should have same snapshot 1`] = `
<span
  className="sc-bdVaJa gUgWBB"
  color="#444"
  size="18px"
>
  Value
</span>
`;
